// Jest Snapshot v1, https://goo.gl/fbAQLP

exports[`Expect to return Card component 1`] = `
<div>
  <Card
    email="john@example.com"
    id={1}
    key="0"
    name="John Snow"
  />
</div>
`;
