// Jest Snapshot v1, https://goo.gl/fbAQLP

exports[`render Mainpage without crashing 1`] = `ShallowWrapper {}`;
